Free Pascal Compiler version 3.2.2 [2025/09/11] for aarch64
Copyright (c) 1993-2021 by Florian Klaempfl and others
Target OS: Darwin for AArch64
Compiling /Users/jstein/Documents/Projects/_herakles/worktrees/duetto/open-issues-implementation-43960d/source/units/WS.Handshake.Test.pas
Compiling ./.lwpt/modules/testing/packages/testing/source/TestingPascalLibrary.pas
generics.collections.pas(1186,20) Note: Call to subroutine "function TEnumerable<TestingPascalLibrary.TTestRegistration>.GetEnumerator:TEnumerator$1<TESTINGPASCALLIBRARY.TTestRegistration>;" marked as inline is not inlined
generics.collections.pas(1309,5) Note: Call to subroutine "procedure Move(const source:<Formal type>;var dest:<Formal type>;count:Int64);" marked as inline is not inlined
generics.collections.pas(1310,5) Note: Call to subroutine "procedure FillChar(var x:<Formal type>;count:Int64;Value:Byte);" marked as inline is not inlined
generics.collections.pas(1506,5) Note: Call to subroutine "procedure Move(const source:<Formal type>;var dest:<Formal type>;count:Int64);" marked as inline is not inlined
generics.collections.pas(1507,5) Note: Call to subroutine "procedure FillChar(var x:<Formal type>;count:Int64;Value:Byte);" marked as inline is not inlined
generics.collections.pas(1537,5) Note: Call to subroutine "procedure Move(const source:<Formal type>;var dest:<Formal type>;count:Int64);" marked as inline is not inlined
generics.collections.pas(1538,5) Note: Call to subroutine "procedure FillChar(var x:<Formal type>;count:Int64;Value:Byte);" marked as inline is not inlined
generics.collections.pas(1626,3) Note: Call to subroutine "procedure Move(const source:<Formal type>;var dest:<Formal type>;count:Int64);" marked as inline is not inlined
generics.collections.pas(1634,5) Note: Call to subroutine "procedure Move(const source:<Formal type>;var dest:<Formal type>;count:Int64);" marked as inline is not inlined
generics.collections.pas(1683,5) Note: Call to subroutine "procedure Move(const source:<Formal type>;var dest:<Formal type>;count:Int64);" marked as inline is not inlined
generics.collections.pas(1685,5) Note: Call to subroutine "procedure Move(const source:<Formal type>;var dest:<Formal type>;count:Int64);" marked as inline is not inlined
generics.collections.pas(1186,20) Note: Call to subroutine "function TEnumerable<TestingPascalLibrary.TTestSuite>.GetEnumerator:TEnumerator$1<TESTINGPASCALLIBRARY.TTestSuite>;" marked as inline is not inlined
generics.collections.pas(1309,5) Note: Call to subroutine "procedure Move(const source:<Formal type>;var dest:<Formal type>;count:Int64);" marked as inline is not inlined
generics.collections.pas(1310,5) Note: Call to subroutine "procedure FillChar(var x:<Formal type>;count:Int64;Value:Byte);" marked as inline is not inlined
generics.collections.pas(1506,5) Note: Call to subroutine "procedure Move(const source:<Formal type>;var dest:<Formal type>;count:Int64);" marked as inline is not inlined
generics.collections.pas(1507,5) Note: Call to subroutine "procedure FillChar(var x:<Formal type>;count:Int64;Value:Byte);" marked as inline is not inlined
generics.collections.pas(1537,5) Note: Call to subroutine "procedure Move(const source:<Formal type>;var dest:<Formal type>;count:Int64);" marked as inline is not inlined
generics.collections.pas(1538,5) Note: Call to subroutine "procedure FillChar(var x:<Formal type>;count:Int64;Value:Byte);" marked as inline is not inlined
generics.collections.pas(1626,3) Note: Call to subroutine "procedure Move(const source:<Formal type>;var dest:<Formal type>;count:Int64);" marked as inline is not inlined
generics.collections.pas(1634,5) Note: Call to subroutine "procedure Move(const source:<Formal type>;var dest:<Formal type>;count:Int64);" marked as inline is not inlined
generics.collections.pas(1683,5) Note: Call to subroutine "procedure Move(const source:<Formal type>;var dest:<Formal type>;count:Int64);" marked as inline is not inlined
generics.collections.pas(1685,5) Note: Call to subroutine "procedure Move(const source:<Formal type>;var dest:<Formal type>;count:Int64);" marked as inline is not inlined
generics.collections.pas(1186,20) Note: Call to subroutine "function TEnumerable<TestingPascalLibrary.TTestResult>.GetEnumerator:TEnumerator$1<TESTINGPASCALLIBRARY.TTestResult>;" marked as inline is not inlined
generics.collections.pas(1309,5) Note: Call to subroutine "procedure Move(const source:<Formal type>;var dest:<Formal type>;count:Int64);" marked as inline is not inlined
generics.collections.pas(1310,5) Note: Call to subroutine "procedure FillChar(var x:<Formal type>;count:Int64;Value:Byte);" marked as inline is not inlined
generics.collections.pas(1506,5) Note: Call to subroutine "procedure Move(const source:<Formal type>;var dest:<Formal type>;count:Int64);" marked as inline is not inlined
generics.collections.pas(1507,5) Note: Call to subroutine "procedure FillChar(var x:<Formal type>;count:Int64;Value:Byte);" marked as inline is not inlined
generics.collections.pas(1537,5) Note: Call to subroutine "procedure Move(const source:<Formal type>;var dest:<Formal type>;count:Int64);" marked as inline is not inlined
generics.collections.pas(1538,5) Note: Call to subroutine "procedure FillChar(var x:<Formal type>;count:Int64;Value:Byte);" marked as inline is not inlined
generics.collections.pas(1626,3) Note: Call to subroutine "procedure Move(const source:<Formal type>;var dest:<Formal type>;count:Int64);" marked as inline is not inlined
generics.collections.pas(1634,5) Note: Call to subroutine "procedure Move(const source:<Formal type>;var dest:<Formal type>;count:Int64);" marked as inline is not inlined
generics.collections.pas(1683,5) Note: Call to subroutine "procedure Move(const source:<Formal type>;var dest:<Formal type>;count:Int64);" marked as inline is not inlined
generics.collections.pas(1685,5) Note: Call to subroutine "procedure Move(const source:<Formal type>;var dest:<Formal type>;count:Int64);" marked as inline is not inlined
generics.collections.pas(144,52) Note: Private type "TCustomPointersEnumerator$2<TESTINGPASCALLIBRARY.TTestRegistration,TESTINGPASCALLIBRARY.TCustomList$1$crcE16287B1.PT>.T" never used
generics.collections.pas(144,52) Note: Private type "TCustomPointersEnumerator$2<TESTINGPASCALLIBRARY.TTestSuite,TESTINGPASCALLIBRARY.TCustomList$1$crc9108733E.PT>.T" never used
generics.collections.pas(144,52) Note: Private type "TCustomPointersEnumerator$2<TESTINGPASCALLIBRARY.TTestResult,TESTINGPASCALLIBRARY.TCustomList$1$crc9665B727.PT>.T" never used
TestingPascalLibrary.pas(126,3) Note: Local variable "CurrentDescribeSuite" not used
Assembling testingpascallibrary
Compiling /Users/jstein/Documents/Projects/_herakles/worktrees/duetto/open-issues-implementation-43960d/source/units/WS.Handshake.pas
WS.Handshake.pas(140,5) Note: Call to subroutine "procedure Move(const source:<Formal type>;var dest:<Formal type>;count:Int64);" marked as inline is not inlined
WS.Handshake.pas(543,3) Note: Call to subroutine "procedure Move(const source:<Formal type>;var dest:<Formal type>;count:Int64);" marked as inline is not inlined
WS.Handshake.pas(547,3) Note: Call to subroutine "procedure Move(const source:<Formal type>;var dest:<Formal type>;count:Int64);" marked as inline is not inlined
WS.Handshake.pas(548,3) Note: Call to subroutine "procedure Move(const source:<Formal type>;var dest:<Formal type>;count:Int64);" marked as inline is not inlined
WS.Handshake.pas(551,5) Note: Call to subroutine "procedure Move(const source:<Formal type>;var dest:<Formal type>;count:Int64);" marked as inline is not inlined
WS.Handshake.pas(553,7) Note: Call to subroutine "procedure Move(const source:<Formal type>;var dest:<Formal type>;count:Int64);" marked as inline is not inlined
WS.Handshake.pas(555,7) Note: Call to subroutine "procedure Move(const source:<Formal type>;var dest:<Formal type>;count:Int64);" marked as inline is not inlined
WS.Handshake.pas(560,7) Note: Call to subroutine "procedure Move(const source:<Formal type>;var dest:<Formal type>;count:Int64);" marked as inline is not inlined
WS.Handshake.pas(561,7) Note: Call to subroutine "procedure Move(const source:<Formal type>;var dest:<Formal type>;count:Int64);" marked as inline is not inlined
WS.Handshake.pas(563,5) Note: Call to subroutine "procedure Move(const source:<Formal type>;var dest:<Formal type>;count:Int64);" marked as inline is not inlined
WS.Handshake.pas(565,3) Note: Call to subroutine "procedure Move(const source:<Formal type>;var dest:<Formal type>;count:Int64);" marked as inline is not inlined
WS.Handshake.pas(581,3) Note: Call to subroutine "procedure Move(const source:<Formal type>;var dest:<Formal type>;count:Int64);" marked as inline is not inlined
WS.Handshake.pas(582,3) Note: Call to subroutine "procedure Move(const source:<Formal type>;var dest:<Formal type>;count:Int64);" marked as inline is not inlined
WS.Handshake.pas(583,3) Note: Call to subroutine "procedure Move(const source:<Formal type>;var dest:<Formal type>;count:Int64);" marked as inline is not inlined
WS.Handshake.pas(584,3) Note: Call to subroutine "procedure Move(const source:<Formal type>;var dest:<Formal type>;count:Int64);" marked as inline is not inlined
WS.Handshake.pas(585,3) Note: Call to subroutine "procedure Move(const source:<Formal type>;var dest:<Formal type>;count:Int64);" marked as inline is not inlined
WS.Handshake.pas(587,5) Note: Call to subroutine "procedure Move(const source:<Formal type>;var dest:<Formal type>;count:Int64);" marked as inline is not inlined
WS.Handshake.pas(588,3) Note: Call to subroutine "procedure Move(const source:<Formal type>;var dest:<Formal type>;count:Int64);" marked as inline is not inlined
WS.Handshake.pas(589,3) Note: Call to subroutine "procedure Move(const source:<Formal type>;var dest:<Formal type>;count:Int64);" marked as inline is not inlined
WS.Handshake.pas(590,3) Note: Call to subroutine "procedure Move(const source:<Formal type>;var dest:<Formal type>;count:Int64);" marked as inline is not inlined
WS.Handshake.pas(591,3) Note: Call to subroutine "procedure Move(const source:<Formal type>;var dest:<Formal type>;count:Int64);" marked as inline is not inlined
WS.Handshake.pas(642,3) Note: Call to subroutine "procedure Move(const source:<Formal type>;var dest:<Formal type>;count:Int64);" marked as inline is not inlined
WS.Handshake.pas(643,3) Note: Call to subroutine "procedure Move(const source:<Formal type>;var dest:<Formal type>;count:Int64);" marked as inline is not inlined
WS.Handshake.pas(644,3) Note: Call to subroutine "procedure Move(const source:<Formal type>;var dest:<Formal type>;count:Int64);" marked as inline is not inlined
WS.Handshake.pas(645,3) Note: Call to subroutine "procedure Move(const source:<Formal type>;var dest:<Formal type>;count:Int64);" marked as inline is not inlined
WS.Handshake.pas(646,3) Note: Call to subroutine "procedure Move(const source:<Formal type>;var dest:<Formal type>;count:Int64);" marked as inline is not inlined
WS.Handshake.pas(649,3) Note: Call to subroutine "procedure Move(const source:<Formal type>;var dest:<Formal type>;count:Int64);" marked as inline is not inlined
WS.Handshake.pas(650,3) Note: Call to subroutine "procedure Move(const source:<Formal type>;var dest:<Formal type>;count:Int64);" marked as inline is not inlined
WS.Handshake.pas(652,5) Note: Call to subroutine "procedure Move(const source:<Formal type>;var dest:<Formal type>;count:Int64);" marked as inline is not inlined
WS.Handshake.pas(653,3) Note: Call to subroutine "procedure Move(const source:<Formal type>;var dest:<Formal type>;count:Int64);" marked as inline is not inlined
Assembling ws.handshake
Assembling ws.handshake.test
Linking /Users/jstein/Documents/Projects/_herakles/worktrees/duetto/open-issues-implementation-43960d/.lwpt/sessions/s-14ob-1ezg0z6fb-1-0/jobs/tests-59830ebc3a41/WS.Handshake.Tes-6c3bc2a8bf54/WS.Handshake.Test
-macosx_version_min has been renamed to -macos_version_min
ld: warning: -multiply_defined is obsolete
1580 lines compiled, 0.8 sec
67 note(s) issued

Running tests...

  Handshake: accept
  Handshake: server parse
  Handshake: client role
  Handshake: deflate negotiation

Test Results:
=============
[32m  ✓ [0mHandshake: accept › RFC 6455 §4.2.2 accept vector
[32m  ✓ [0mHandshake: server parse › §1.2 sample request, field by field
[32m  ✓ [0mHandshake: server parse › header case + Connection token list
[32m  ✓ [0mHandshake: server parse › rejection matrix
[32m  ✓ [0mHandshake: server parse › HandshakeFindEnd partial/exact/overrun
[32m  ✓ [0mHandshake: client role › generated key: 16 bytes, non-repeating
[32m  ✓ [0mHandshake: client role › client<->server full round trip
[32m  ✓ [0mHandshake: client role › accept mismatch detected
[32m  ✓ [0mHandshake: client role › non-101 status rejected
[32m  ✓ [0mHandshake: client role › unoffered server extension rejected
[32m  ✓ [0mHandshake: deflate negotiation › plain permessage-deflate offer
[32m  ✓ [0mHandshake: deflate negotiation › parameterised offer honoured
[32m  ✓ [0mHandshake: deflate negotiation › invalid offer falls through to next
[32m  ✓ [0mHandshake: deflate negotiation › unknown extension ignored
[32m  ✓ [0mHandshake: deflate negotiation › server policy can refuse deflate

Summary:
========
Total:   15 tests
[32mPassed:  15[0m
Time:    1 ms

[32mALL TESTS PASSED[0m
