Free Pascal Compiler version 3.2.2 [2025/09/11] for aarch64
Copyright (c) 1993-2021 by Florian Klaempfl and others
Target OS: Darwin for AArch64
Compiling source/apps/wsbench.pas
Compiling ./source/units/WS.Frame.pas
Assembling ws.frame
Compiling ./source/units/WS.Utf8.pas
WS.Utf8.pas(102,9) Note: Call to subroutine "procedure Move(const source:<Formal type>;var dest:<Formal type>;count:Int64);" marked as inline is not inlined
Assembling ws.utf8
Compiling ./source/units/WS.Handshake.pas
WS.Handshake.pas(140,5) Note: Call to subroutine "procedure Move(const source:<Formal type>;var dest:<Formal type>;count:Int64);" marked as inline is not inlined
WS.Handshake.pas(543,3) Note: Call to subroutine "procedure Move(const source:<Formal type>;var dest:<Formal type>;count:Int64);" marked as inline is not inlined
WS.Handshake.pas(547,3) Note: Call to subroutine "procedure Move(const source:<Formal type>;var dest:<Formal type>;count:Int64);" marked as inline is not inlined
WS.Handshake.pas(548,3) Note: Call to subroutine "procedure Move(const source:<Formal type>;var dest:<Formal type>;count:Int64);" marked as inline is not inlined
WS.Handshake.pas(551,5) Note: Call to subroutine "procedure Move(const source:<Formal type>;var dest:<Formal type>;count:Int64);" marked as inline is not inlined
WS.Handshake.pas(553,7) Note: Call to subroutine "procedure Move(const source:<Formal type>;var dest:<Formal type>;count:Int64);" marked as inline is not inlined
WS.Handshake.pas(555,7) Note: Call to subroutine "procedure Move(const source:<Formal type>;var dest:<Formal type>;count:Int64);" marked as inline is not inlined
WS.Handshake.pas(560,7) Note: Call to subroutine "procedure Move(const source:<Formal type>;var dest:<Formal type>;count:Int64);" marked as inline is not inlined
WS.Handshake.pas(561,7) Note: Call to subroutine "procedure Move(const source:<Formal type>;var dest:<Formal type>;count:Int64);" marked as inline is not inlined
WS.Handshake.pas(563,5) Note: Call to subroutine "procedure Move(const source:<Formal type>;var dest:<Formal type>;count:Int64);" marked as inline is not inlined
WS.Handshake.pas(565,3) Note: Call to subroutine "procedure Move(const source:<Formal type>;var dest:<Formal type>;count:Int64);" marked as inline is not inlined
WS.Handshake.pas(581,3) Note: Call to subroutine "procedure Move(const source:<Formal type>;var dest:<Formal type>;count:Int64);" marked as inline is not inlined
WS.Handshake.pas(582,3) Note: Call to subroutine "procedure Move(const source:<Formal type>;var dest:<Formal type>;count:Int64);" marked as inline is not inlined
WS.Handshake.pas(583,3) Note: Call to subroutine "procedure Move(const source:<Formal type>;var dest:<Formal type>;count:Int64);" marked as inline is not inlined
WS.Handshake.pas(584,3) Note: Call to subroutine "procedure Move(const source:<Formal type>;var dest:<Formal type>;count:Int64);" marked as inline is not inlined
WS.Handshake.pas(585,3) Note: Call to subroutine "procedure Move(const source:<Formal type>;var dest:<Formal type>;count:Int64);" marked as inline is not inlined
WS.Handshake.pas(587,5) Note: Call to subroutine "procedure Move(const source:<Formal type>;var dest:<Formal type>;count:Int64);" marked as inline is not inlined
WS.Handshake.pas(588,3) Note: Call to subroutine "procedure Move(const source:<Formal type>;var dest:<Formal type>;count:Int64);" marked as inline is not inlined
WS.Handshake.pas(589,3) Note: Call to subroutine "procedure Move(const source:<Formal type>;var dest:<Formal type>;count:Int64);" marked as inline is not inlined
WS.Handshake.pas(590,3) Note: Call to subroutine "procedure Move(const source:<Formal type>;var dest:<Formal type>;count:Int64);" marked as inline is not inlined
WS.Handshake.pas(591,3) Note: Call to subroutine "procedure Move(const source:<Formal type>;var dest:<Formal type>;count:Int64);" marked as inline is not inlined
WS.Handshake.pas(642,3) Note: Call to subroutine "procedure Move(const source:<Formal type>;var dest:<Formal type>;count:Int64);" marked as inline is not inlined
WS.Handshake.pas(643,3) Note: Call to subroutine "procedure Move(const source:<Formal type>;var dest:<Formal type>;count:Int64);" marked as inline is not inlined
WS.Handshake.pas(644,3) Note: Call to subroutine "procedure Move(const source:<Formal type>;var dest:<Formal type>;count:Int64);" marked as inline is not inlined
WS.Handshake.pas(645,3) Note: Call to subroutine "procedure Move(const source:<Formal type>;var dest:<Formal type>;count:Int64);" marked as inline is not inlined
WS.Handshake.pas(646,3) Note: Call to subroutine "procedure Move(const source:<Formal type>;var dest:<Formal type>;count:Int64);" marked as inline is not inlined
WS.Handshake.pas(649,3) Note: Call to subroutine "procedure Move(const source:<Formal type>;var dest:<Formal type>;count:Int64);" marked as inline is not inlined
WS.Handshake.pas(650,3) Note: Call to subroutine "procedure Move(const source:<Formal type>;var dest:<Formal type>;count:Int64);" marked as inline is not inlined
WS.Handshake.pas(652,5) Note: Call to subroutine "procedure Move(const source:<Formal type>;var dest:<Formal type>;count:Int64);" marked as inline is not inlined
WS.Handshake.pas(653,3) Note: Call to subroutine "procedure Move(const source:<Formal type>;var dest:<Formal type>;count:Int64);" marked as inline is not inlined
Assembling ws.handshake
Compiling ./source/units/WS.Deflate.pas
WS.Deflate.pas(77,3) Note: Call to subroutine "procedure FillChar(var x:<Formal type>;count:Int64;Value:Byte);" marked as inline is not inlined
WS.Deflate.pas(160,3) Note: Call to subroutine "procedure FillChar(var x:<Formal type>;count:Int64;Value:Byte);" marked as inline is not inlined
WS.Deflate.pas(218,3) Note: Call to subroutine "procedure Move(const source:<Formal type>;var dest:<Formal type>;count:Int64);" marked as inline is not inlined
Assembling ws.deflate
Compiling ./source/units/WS.Protocol.pas
WS.Protocol.pas(252,5) Note: Call to subroutine "procedure Move(const source:<Formal type>;var dest:<Formal type>;count:Int64);" marked as inline is not inlined
WS.Protocol.pas(259,3) Note: Call to subroutine "procedure Move(const source:<Formal type>;var dest:<Formal type>;count:Int64);" marked as inline is not inlined
WS.Protocol.pas(350,19) Note: Call to subroutine "procedure Move(const source:<Formal type>;var dest:<Formal type>;count:Int64);" marked as inline is not inlined
WS.Protocol.pas(411,25) Note: Call to subroutine "procedure Move(const source:<Formal type>;var dest:<Formal type>;count:Int64);" marked as inline is not inlined
WS.Protocol.pas(526,5) Note: Call to subroutine "procedure Move(const source:<Formal type>;var dest:<Formal type>;count:Int64);" marked as inline is not inlined
WS.Protocol.pas(561,5) Note: Call to subroutine "procedure Move(const source:<Formal type>;var dest:<Formal type>;count:Int64);" marked as inline is not inlined
WS.Protocol.pas(663,7) Note: Call to subroutine "procedure Move(const source:<Formal type>;var dest:<Formal type>;count:Int64);" marked as inline is not inlined
WS.Protocol.pas(544,7) Note: Call to subroutine "procedure Move(const source:<Formal type>;var dest:<Formal type>;count:Int64);" marked as inline is not inlined
Assembling ws.protocol
wsbench.pas(97,5) Note: Call to subroutine "procedure Move(const source:<Formal type>;var dest:<Formal type>;count:Int64);" marked as inline is not inlined
wsbench.pas(167,8) Note: Local variable "Resp" is assigned but never used
wsbench.pas(255,5) Note: Call to subroutine "procedure Move(const source:<Formal type>;var dest:<Formal type>;count:Int64);" marked as inline is not inlined
wsbench.pas(271,3) Note: Local variable "EchoBuf" is assigned but never used
Assembling wsbench
Linking /Users/jstein/Documents/Projects/_herakles/worktrees/duetto/open-issues-implementation-43960d/.lwpt/sessions/s-mbn-1ezg0megx-1-0/jobs/wsbench-dev-7bc1d2556b3a/bin/wsbench
-macosx_version_min has been renamed to -macos_version_min
ld: warning: -multiply_defined is obsolete
2492 lines compiled, 0.4 sec
46 note(s) issued
