Free Pascal Compiler version 3.2.2 [2025/09/11] for aarch64
Copyright (c) 1993-2021 by Florian Klaempfl and others
Target OS: Darwin for AArch64
Compiling source/apps/wsinterop.pas
Compiling ./source/units/WS.Server.pas
Compiling ./source/units/WS.Handshake.pas
WS.Handshake.pas(158,5) Note: Call to subroutine "procedure Move(const source:<Formal type>;var dest:<Formal type>;count:Int64);" marked as inline is not inlined
WS.Handshake.pas(573,3) Note: Call to subroutine "procedure Move(const source:<Formal type>;var dest:<Formal type>;count:Int64);" marked as inline is not inlined
WS.Handshake.pas(577,3) Note: Call to subroutine "procedure Move(const source:<Formal type>;var dest:<Formal type>;count:Int64);" marked as inline is not inlined
WS.Handshake.pas(578,3) Note: Call to subroutine "procedure Move(const source:<Formal type>;var dest:<Formal type>;count:Int64);" marked as inline is not inlined
WS.Handshake.pas(581,5) Note: Call to subroutine "procedure Move(const source:<Formal type>;var dest:<Formal type>;count:Int64);" marked as inline is not inlined
WS.Handshake.pas(583,7) Note: Call to subroutine "procedure Move(const source:<Formal type>;var dest:<Formal type>;count:Int64);" marked as inline is not inlined
WS.Handshake.pas(585,7) Note: Call to subroutine "procedure Move(const source:<Formal type>;var dest:<Formal type>;count:Int64);" marked as inline is not inlined
WS.Handshake.pas(590,7) Note: Call to subroutine "procedure Move(const source:<Formal type>;var dest:<Formal type>;count:Int64);" marked as inline is not inlined
WS.Handshake.pas(591,7) Note: Call to subroutine "procedure Move(const source:<Formal type>;var dest:<Formal type>;count:Int64);" marked as inline is not inlined
WS.Handshake.pas(593,5) Note: Call to subroutine "procedure Move(const source:<Formal type>;var dest:<Formal type>;count:Int64);" marked as inline is not inlined
WS.Handshake.pas(595,3) Note: Call to subroutine "procedure Move(const source:<Formal type>;var dest:<Formal type>;count:Int64);" marked as inline is not inlined
WS.Handshake.pas(611,3) Note: Call to subroutine "procedure Move(const source:<Formal type>;var dest:<Formal type>;count:Int64);" marked as inline is not inlined
WS.Handshake.pas(612,3) Note: Call to subroutine "procedure Move(const source:<Formal type>;var dest:<Formal type>;count:Int64);" marked as inline is not inlined
WS.Handshake.pas(613,3) Note: Call to subroutine "procedure Move(const source:<Formal type>;var dest:<Formal type>;count:Int64);" marked as inline is not inlined
WS.Handshake.pas(614,3) Note: Call to subroutine "procedure Move(const source:<Formal type>;var dest:<Formal type>;count:Int64);" marked as inline is not inlined
WS.Handshake.pas(615,3) Note: Call to subroutine "procedure Move(const source:<Formal type>;var dest:<Formal type>;count:Int64);" marked as inline is not inlined
WS.Handshake.pas(617,5) Note: Call to subroutine "procedure Move(const source:<Formal type>;var dest:<Formal type>;count:Int64);" marked as inline is not inlined
WS.Handshake.pas(618,3) Note: Call to subroutine "procedure Move(const source:<Formal type>;var dest:<Formal type>;count:Int64);" marked as inline is not inlined
WS.Handshake.pas(619,3) Note: Call to subroutine "procedure Move(const source:<Formal type>;var dest:<Formal type>;count:Int64);" marked as inline is not inlined
WS.Handshake.pas(620,3) Note: Call to subroutine "procedure Move(const source:<Formal type>;var dest:<Formal type>;count:Int64);" marked as inline is not inlined
WS.Handshake.pas(621,3) Note: Call to subroutine "procedure Move(const source:<Formal type>;var dest:<Formal type>;count:Int64);" marked as inline is not inlined
WS.Handshake.pas(672,3) Note: Call to subroutine "procedure Move(const source:<Formal type>;var dest:<Formal type>;count:Int64);" marked as inline is not inlined
WS.Handshake.pas(673,3) Note: Call to subroutine "procedure Move(const source:<Formal type>;var dest:<Formal type>;count:Int64);" marked as inline is not inlined
WS.Handshake.pas(674,3) Note: Call to subroutine "procedure Move(const source:<Formal type>;var dest:<Formal type>;count:Int64);" marked as inline is not inlined
WS.Handshake.pas(675,3) Note: Call to subroutine "procedure Move(const source:<Formal type>;var dest:<Formal type>;count:Int64);" marked as inline is not inlined
WS.Handshake.pas(676,3) Note: Call to subroutine "procedure Move(const source:<Formal type>;var dest:<Formal type>;count:Int64);" marked as inline is not inlined
WS.Handshake.pas(679,3) Note: Call to subroutine "procedure Move(const source:<Formal type>;var dest:<Formal type>;count:Int64);" marked as inline is not inlined
WS.Handshake.pas(680,3) Note: Call to subroutine "procedure Move(const source:<Formal type>;var dest:<Formal type>;count:Int64);" marked as inline is not inlined
WS.Handshake.pas(682,5) Note: Call to subroutine "procedure Move(const source:<Formal type>;var dest:<Formal type>;count:Int64);" marked as inline is not inlined
WS.Handshake.pas(683,3) Note: Call to subroutine "procedure Move(const source:<Formal type>;var dest:<Formal type>;count:Int64);" marked as inline is not inlined
Assembling ws.handshake
Compiling ./source/units/WS.Protocol.pas
Compiling ./source/units/WS.Deflate.pas
WS.Deflate.pas(77,3) Note: Call to subroutine "procedure FillChar(var x:<Formal type>;count:Int64;Value:Byte);" marked as inline is not inlined
WS.Deflate.pas(160,3) Note: Call to subroutine "procedure FillChar(var x:<Formal type>;count:Int64;Value:Byte);" marked as inline is not inlined
WS.Deflate.pas(218,3) Note: Call to subroutine "procedure Move(const source:<Formal type>;var dest:<Formal type>;count:Int64);" marked as inline is not inlined
Assembling ws.deflate
Compiling ./source/units/WS.Frame.pas
Assembling ws.frame
Compiling ./source/units/WS.Utf8.pas
WS.Utf8.pas(102,9) Note: Call to subroutine "procedure Move(const source:<Formal type>;var dest:<Formal type>;count:Int64);" marked as inline is not inlined
Assembling ws.utf8
WS.Protocol.pas(252,5) Note: Call to subroutine "procedure Move(const source:<Formal type>;var dest:<Formal type>;count:Int64);" marked as inline is not inlined
WS.Protocol.pas(259,3) Note: Call to subroutine "procedure Move(const source:<Formal type>;var dest:<Formal type>;count:Int64);" marked as inline is not inlined
WS.Protocol.pas(350,19) Note: Call to subroutine "procedure Move(const source:<Formal type>;var dest:<Formal type>;count:Int64);" marked as inline is not inlined
WS.Protocol.pas(411,25) Note: Call to subroutine "procedure Move(const source:<Formal type>;var dest:<Formal type>;count:Int64);" marked as inline is not inlined
WS.Protocol.pas(526,5) Note: Call to subroutine "procedure Move(const source:<Formal type>;var dest:<Formal type>;count:Int64);" marked as inline is not inlined
WS.Protocol.pas(561,5) Note: Call to subroutine "procedure Move(const source:<Formal type>;var dest:<Formal type>;count:Int64);" marked as inline is not inlined
WS.Protocol.pas(663,7) Note: Call to subroutine "procedure Move(const source:<Formal type>;var dest:<Formal type>;count:Int64);" marked as inline is not inlined
WS.Protocol.pas(544,7) Note: Call to subroutine "procedure Move(const source:<Formal type>;var dest:<Formal type>;count:Int64);" marked as inline is not inlined
Assembling ws.protocol
Compiling ./source/units/WS.Transport.pas
Assembling ws.transport
Compiling ./source/units/WS.Transport.NetworkFramework.pas
WS.Transport.NetworkFramework.pas(207,3) Note: Local variable "CtxDefaultMessage" is assigned but never used
Assembling ws.transport.networkframework
WS.Server.pas(528,9) Note: Call to subroutine "procedure Move(const source:<Formal type>;var dest:<Formal type>;count:Int64);" marked as inline is not inlined
WS.Server.pas(541,11) Note: Call to subroutine "procedure Move(const source:<Formal type>;var dest:<Formal type>;count:Int64);" marked as inline is not inlined
Assembling ws.server
Compiling ./source/units/WS.Client.pas
Compiling ./.lwpt/modules/httpclient/packages/httpclient/source/TransportSecurity.pas
TransportSecurity.pas(2436,3) Note: Call to subroutine "procedure FillChar(var x:<Formal type>;count:Int64;Value:Byte);" marked as inline is not inlined
TransportSecurity.pas(2471,3) Note: Call to subroutine "procedure FillChar(var x:<Formal type>;count:Int64;Value:Byte);" marked as inline is not inlined
Assembling transportsecurity
WS.Client.pas(169,3) Note: Call to subroutine "procedure FillChar(var x:<Formal type>;count:Int64;Value:Byte);" marked as inline is not inlined
WS.Client.pas(340,20) Note: Call to subroutine "procedure Move(const source:<Formal type>;var dest:<Formal type>;count:Int64);" marked as inline is not inlined
WS.Client.pas(384,5) Note: Call to subroutine "procedure Move(const source:<Formal type>;var dest:<Formal type>;count:Int64);" marked as inline is not inlined
Assembling ws.client
wsinterop.pas(91,3) Note: Call to subroutine "procedure FillChar(var x:<Formal type>;count:Int64;Value:Byte);" marked as inline is not inlined
wsinterop.pas(115,5) Note: Call to subroutine "procedure Move(const source:<Formal type>;var dest:<Formal type>;count:Int64);" marked as inline is not inlined
wsinterop.pas(122,5) Note: Call to subroutine "procedure Move(const source:<Formal type>;var dest:<Formal type>;count:Int64);" marked as inline is not inlined
wsinterop.pas(181,3) Note: Call to subroutine "procedure Move(const source:<Formal type>;var dest:<Formal type>;count:Int64);" marked as inline is not inlined
Assembling wsinterop
Linking /Users/jstein/Documents/Projects/_herakles/worktrees/duetto/open-issues-implementation-43960d/.lwpt/sessions/s-1k6m-1ezg19ebf-1-0/jobs/wsinterop-dev-6770ca31f94b/bin/wsinterop
-macosx_version_min has been renamed to -macos_version_min
ld: warning: -multiply_defined is obsolete
7527 lines compiled, 0.6 sec
54 note(s) issued
